Component: ARM Compiler 5.05 update 1 (build 106) Tool: armlink [4d0efa]

==============================================================================

Section Cross References

    main.o(.text) refers to uartconfig.o(.text) for serialDebugInit
    main.o(.text) refers to printf2.o(i.__0printf$2) for __2printf
    main.o(.text) refers to timers0.o(.text) for configure_timer0
    main.o(.text) refers to main.o(.data) for teamNumber
    interrupts.o(.text) refers to printf2.o(i.__0printf$2) for __2printf
    interrupts.o(.text) refers to main.o(.data) for Alert_1ms
    startup_tm4c123.o(RESET) refers to startup_tm4c123.o(STACK) for __initial_sp
    startup_tm4c123.o(RESET) refers to startup_tm4c123.o(.text) for Reset_Handler
    startup_tm4c123.o(RESET) refers to interrupts.o(.text) for SysTick_Handler
    startup_tm4c123.o(RESET) refers to uart.o(.text) for UART0_Handler
    startup_tm4c123.o(.text) refers to system_tm4c123.o(.text) for SystemInit
    startup_tm4c123.o(.text) refers to entry.o(.ARM.Collect$$$$00000000) for __main
    system_tm4c123.o(.text) refers to system_tm4c123.o(.data) for SystemCoreClock
    uartconfig.o(.text) refers to memcpya.o(.text) for __aeabi_memcpy4
    uartconfig.o(.text) refers to gpio.o(.text) for gpioConfigDigitalEnable
    uartconfig.o(.text) refers to uart.o(.text) for InitializeUART
    uartconfig.o(.text) refers to uartconfig.o(.constdata) for .constdata
    uart.o(.text) refers to circular_buffer.o(.text) for cBufInit
    uart.o(.text) refers to uart.o(.bss) for U0_Tx_cBuf
    uart.o(.text) refers to boardutil.o(.text) for DisableInterrupts
    uart.o(.text) refers to errno.o(i.__aeabi_errno_addr) for __aeabi_errno_addr
    uart.o(.text) refers to stdout.o(.data) for __stdout
    uart.o(.text) refers to stdin.o(.data) for __stdin
    circular_buffer.o(.text) refers to malloc.o(i.malloc) for malloc
    entry.o(.ARM.Collect$$$$00000000) refers (Special) to entry10a.o(.ARM.Collect$$$$0000000D) for __rt_final_cpp
    entry.o(.ARM.Collect$$$$00000000) refers (Special) to entry11a.o(.ARM.Collect$$$$0000000F) for __rt_final_exit
    entry.o(.ARM.Collect$$$$00000000) refers (Special) to entry7b.o(.ARM.Collect$$$$00000008) for _main_clock
    entry.o(.ARM.Collect$$$$00000000) refers (Special) to entry8b.o(.ARM.Collect$$$$0000000A) for _main_cpp_init
    entry.o(.ARM.Collect$$$$00000000) refers (Special) to entry9a.o(.ARM.Collect$$$$0000000B) for _main_init
    entry.o(.ARM.Collect$$$$00000000) refers (Special) to entry5.o(.ARM.Collect$$$$00000004) for _main_scatterload
    entry.o(.ARM.Collect$$$$00000000) refers (Special) to entry2.o(.ARM.Collect$$$$00000001) for _main_stk
    printfb.o(i.__0fprintf$bare) refers to printfb.o(i._printf_core) for _printf_core
    printfb.o(i.__0fprintf$bare) refers to uart.o(.text) for fputc
    printfb.o(i.__0printf$bare) refers to printfb.o(i._printf_core) for _printf_core
    printfb.o(i.__0printf$bare) refers to uart.o(.text) for fputc
    printfb.o(i.__0printf$bare) refers to stdout.o(.data) for __stdout
    printfb.o(i.__0snprintf$bare) refers to printfb.o(i._printf_core) for _printf_core
    printfb.o(i.__0snprintf$bare) refers to printfb.o(i._snputc) for _snputc
    printfb.o(i.__0sprintf$bare) refers to printfb.o(i._printf_core) for _printf_core
    printfb.o(i.__0sprintf$bare) refers to printfb.o(i._sputc) for _sputc
    printfb.o(i.__0vfprintf$bare) refers to printfb.o(i._printf_core) for _printf_core
    printfb.o(i.__0vfprintf$bare) refers to uart.o(.text) for fputc
    printfb.o(i.__0vprintf$bare) refers to printfb.o(i._printf_core) for _printf_core
    printfb.o(i.__0vprintf$bare) refers to uart.o(.text) for fputc
    printfb.o(i.__0vprintf$bare) refers to stdout.o(.data) for __stdout
    printfb.o(i.__0vsnprintf$bare) refers to printfb.o(i._printf_core) for _printf_core
    printfb.o(i.__0vsnprintf$bare) refers to printfb.o(i._snputc) for _snputc
    printfb.o(i.__0vsprintf$bare) refers to printfb.o(i._printf_core) for _printf_core
    printfb.o(i.__0vsprintf$bare) refers to printfb.o(i._sputc) for _sputc
    printf0.o(i.__0fprintf$0) refers to printf0.o(i._printf_core) for _printf_core
    printf0.o(i.__0fprintf$0) refers to uart.o(.text) for fputc
    printf0.o(i.__0printf$0) refers to printf0.o(i._printf_core) for _printf_core
    printf0.o(i.__0printf$0) refers to uart.o(.text) for fputc
    printf0.o(i.__0printf$0) refers to stdout.o(.data) for __stdout
    printf0.o(i.__0snprintf$0) refers to printf0.o(i._printf_core) for _printf_core
    printf0.o(i.__0snprintf$0) refers to printf0.o(i._snputc) for _snputc
    printf0.o(i.__0sprintf$0) refers to printf0.o(i._printf_core) for _printf_core
    printf0.o(i.__0sprintf$0) refers to printf0.o(i._sputc) for _sputc
    printf0.o(i.__0vfprintf$0) refers to printf0.o(i._printf_core) for _printf_core
    printf0.o(i.__0vfprintf$0) refers to uart.o(.text) for fputc
    printf0.o(i.__0vprintf$0) refers to printf0.o(i._printf_core) for _printf_core
    printf0.o(i.__0vprintf$0) refers to uart.o(.text) for fputc
    printf0.o(i.__0vprintf$0) refers to stdout.o(.data) for __stdout
    printf0.o(i.__0vsnprintf$0) refers to printf0.o(i._printf_core) for _printf_core
    printf0.o(i.__0vsnprintf$0) refers to printf0.o(i._snputc) for _snputc
    printf0.o(i.__0vsprintf$0) refers to printf0.o(i._printf_core) for _printf_core
    printf0.o(i.__0vsprintf$0) refers to printf0.o(i._sputc) for _sputc
    printf1.o(i.__0fprintf$1) refers to printf1.o(i._printf_core) for _printf_core
    printf1.o(i.__0fprintf$1) refers to uart.o(.text) for fputc
    printf1.o(i.__0printf$1) refers to printf1.o(i._printf_core) for _printf_core
    printf1.o(i.__0printf$1) refers to uart.o(.text) for fputc
    printf1.o(i.__0printf$1) refers to stdout.o(.data) for __stdout
    printf1.o(i.__0snprintf$1) refers to printf1.o(i._printf_core) for _printf_core
    printf1.o(i.__0snprintf$1) refers to printf1.o(i._snputc) for _snputc
    printf1.o(i.__0sprintf$1) refers to printf1.o(i._printf_core) for _printf_core
    printf1.o(i.__0sprintf$1) refers to printf1.o(i._sputc) for _sputc
    printf1.o(i.__0vfprintf$1) refers to printf1.o(i._printf_core) for _printf_core
    printf1.o(i.__0vfprintf$1) refers to uart.o(.text) for fputc
    printf1.o(i.__0vprintf$1) refers to printf1.o(i._printf_core) for _printf_core
    printf1.o(i.__0vprintf$1) refers to uart.o(.text) for fputc
    printf1.o(i.__0vprintf$1) refers to stdout.o(.data) for __stdout
    printf1.o(i.__0vsnprintf$1) refers to printf1.o(i._printf_core) for _printf_core
    printf1.o(i.__0vsnprintf$1) refers to printf1.o(i._snputc) for _snputc
    printf1.o(i.__0vsprintf$1) refers to printf1.o(i._printf_core) for _printf_core
    printf1.o(i.__0vsprintf$1) refers to printf1.o(i._sputc) for _sputc
    printf1.o(i._printf_core) refers to uidiv.o(.text) for __aeabi_uidivmod
    printf2.o(i.__0fprintf$2) refers to printf2.o(i._printf_core) for _printf_core
    printf2.o(i.__0fprintf$2) refers to uart.o(.text) for fputc
    printf2.o(i.__0printf$2) refers to printf2.o(i._printf_core) for _printf_core
    printf2.o(i.__0printf$2) refers to uart.o(.text) for fputc
    printf2.o(i.__0printf$2) refers to stdout.o(.data) for __stdout
    printf2.o(i.__0snprintf$2) refers to printf2.o(i._printf_core) for _printf_core
    printf2.o(i.__0snprintf$2) refers to printf2.o(i._snputc) for _snputc
    printf2.o(i.__0sprintf$2) refers to printf2.o(i._printf_core) for _printf_core
    printf2.o(i.__0sprintf$2) refers to printf2.o(i._sputc) for _sputc
    printf2.o(i.__0vfprintf$2) refers to printf2.o(i._printf_core) for _printf_core
    printf2.o(i.__0vfprintf$2) refers to uart.o(.text) for fputc
    printf2.o(i.__0vprintf$2) refers to printf2.o(i._printf_core) for _printf_core
    printf2.o(i.__0vprintf$2) refers to uart.o(.text) for fputc
    printf2.o(i.__0vprintf$2) refers to stdout.o(.data) for __stdout
    printf2.o(i.__0vsnprintf$2) refers to printf2.o(i._printf_core) for _printf_core
    printf2.o(i.__0vsnprintf$2) refers to printf2.o(i._snputc) for _snputc
    printf2.o(i.__0vsprintf$2) refers to printf2.o(i._printf_core) for _printf_core
    printf2.o(i.__0vsprintf$2) refers to printf2.o(i._sputc) for _sputc
    printf3.o(i.__0fprintf$3) refers to printf3.o(i._printf_core) for _printf_core
    printf3.o(i.__0fprintf$3) refers to uart.o(.text) for fputc
    printf3.o(i.__0printf$3) refers to printf3.o(i._printf_core) for _printf_core
    printf3.o(i.__0printf$3) refers to uart.o(.text) for fputc
    printf3.o(i.__0printf$3) refers to stdout.o(.data) for __stdout
    printf3.o(i.__0snprintf$3) refers to printf3.o(i._printf_core) for _printf_core
    printf3.o(i.__0snprintf$3) refers to printf3.o(i._snputc) for _snputc
    printf3.o(i.__0sprintf$3) refers to printf3.o(i._printf_core) for _printf_core
    printf3.o(i.__0sprintf$3) refers to printf3.o(i._sputc) for _sputc
    printf3.o(i.__0vfprintf$3) refers to printf3.o(i._printf_core) for _printf_core
    printf3.o(i.__0vfprintf$3) refers to uart.o(.text) for fputc
    printf3.o(i.__0vprintf$3) refers to printf3.o(i._printf_core) for _printf_core
    printf3.o(i.__0vprintf$3) refers to uart.o(.text) for fputc
    printf3.o(i.__0vprintf$3) refers to stdout.o(.data) for __stdout
    printf3.o(i.__0vsnprintf$3) refers to printf3.o(i._printf_core) for _printf_core
    printf3.o(i.__0vsnprintf$3) refers to printf3.o(i._snputc) for _snputc
    printf3.o(i.__0vsprintf$3) refers to printf3.o(i._printf_core) for _printf_core
    printf3.o(i.__0vsprintf$3) refers to printf3.o(i._sputc) for _sputc
    printf3.o(i._printf_core) refers to uidiv.o(.text) for __aeabi_uidivmod
    printf4.o(i.__0fprintf$4) refers to printf4.o(i._printf_core) for _printf_core
    printf4.o(i.__0fprintf$4) refers to uart.o(.text) for fputc
    printf4.o(i.__0printf$4) refers to printf4.o(i._printf_core) for _printf_core
    printf4.o(i.__0printf$4) refers to uart.o(.text) for fputc
    printf4.o(i.__0printf$4) refers to stdout.o(.data) for __stdout
    printf4.o(i.__0snprintf$4) refers to printf4.o(i._printf_core) for _printf_core
    printf4.o(i.__0snprintf$4) refers to printf4.o(i._snputc) for _snputc
    printf4.o(i.__0sprintf$4) refers to printf4.o(i._printf_core) for _printf_core
    printf4.o(i.__0sprintf$4) refers to printf4.o(i._sputc) for _sputc
    printf4.o(i.__0vfprintf$4) refers to printf4.o(i._printf_core) for _printf_core
    printf4.o(i.__0vfprintf$4) refers to uart.o(.text) for fputc
    printf4.o(i.__0vprintf$4) refers to printf4.o(i._printf_core) for _printf_core
    printf4.o(i.__0vprintf$4) refers to uart.o(.text) for fputc
    printf4.o(i.__0vprintf$4) refers to stdout.o(.data) for __stdout
    printf4.o(i.__0vsnprintf$4) refers to printf4.o(i._printf_core) for _printf_core
    printf4.o(i.__0vsnprintf$4) refers to printf4.o(i._snputc) for _snputc
    printf4.o(i.__0vsprintf$4) refers to printf4.o(i._printf_core) for _printf_core
    printf4.o(i.__0vsprintf$4) refers to printf4.o(i._sputc) for _sputc
    printf4.o(i._printf_core) refers to uldiv.o(.text) for __aeabi_uldivmod
    printf5.o(i.__0fprintf$5) refers to printf5.o(i._printf_core) for _printf_core
    printf5.o(i.__0fprintf$5) refers to uart.o(.text) for fputc
    printf5.o(i.__0printf$5) refers to printf5.o(i._printf_core) for _printf_core
    printf5.o(i.__0printf$5) refers to uart.o(.text) for fputc
    printf5.o(i.__0printf$5) refers to stdout.o(.data) for __stdout
    printf5.o(i.__0snprintf$5) refers to printf5.o(i._printf_core) for _printf_core
    printf5.o(i.__0snprintf$5) refers to printf5.o(i._snputc) for _snputc
    printf5.o(i.__0sprintf$5) refers to printf5.o(i._printf_core) for _printf_core
    printf5.o(i.__0sprintf$5) refers to printf5.o(i._sputc) for _sputc
    printf5.o(i.__0vfprintf$5) refers to printf5.o(i._printf_core) for _printf_core
    printf5.o(i.__0vfprintf$5) refers to uart.o(.text) for fputc
    printf5.o(i.__0vprintf$5) refers to printf5.o(i._printf_core) for _printf_core
    printf5.o(i.__0vprintf$5) refers to uart.o(.text) for fputc
    printf5.o(i.__0vprintf$5) refers to stdout.o(.data) for __stdout
    printf5.o(i.__0vsnprintf$5) refers to printf5.o(i._printf_core) for _printf_core
    printf5.o(i.__0vsnprintf$5) refers to printf5.o(i._snputc) for _snputc
    printf5.o(i.__0vsprintf$5) refers to printf5.o(i._printf_core) for _printf_core
    printf5.o(i.__0vsprintf$5) refers to printf5.o(i._sputc) for _sputc
    printf5.o(i._printf_core) refers to uldiv.o(.text) for __aeabi_uldivmod
    printf6.o(i.__0fprintf$6) refers to printf6.o(i._printf_core) for _printf_core
    printf6.o(i.__0fprintf$6) refers to uart.o(.text) for fputc
    printf6.o(i.__0printf$6) refers to printf6.o(i._printf_core) for _printf_core
    printf6.o(i.__0printf$6) refers to uart.o(.text) for fputc
    printf6.o(i.__0printf$6) refers to stdout.o(.data) for __stdout
    printf6.o(i.__0snprintf$6) refers to printf6.o(i._printf_core) for _printf_core
    printf6.o(i.__0snprintf$6) refers to printf6.o(i._snputc) for _snputc
    printf6.o(i.__0sprintf$6) refers to printf6.o(i._printf_core) for _printf_core
    printf6.o(i.__0sprintf$6) refers to printf6.o(i._sputc) for _sputc
    printf6.o(i.__0vfprintf$6) refers to printf6.o(i._printf_core) for _printf_core
    printf6.o(i.__0vfprintf$6) refers to uart.o(.text) for fputc
    printf6.o(i.__0vprintf$6) refers to printf6.o(i._printf_core) for _printf_core
    printf6.o(i.__0vprintf$6) refers to uart.o(.text) for fputc
    printf6.o(i.__0vprintf$6) refers to stdout.o(.data) for __stdout
    printf6.o(i.__0vsnprintf$6) refers to printf6.o(i._printf_core) for _printf_core
    printf6.o(i.__0vsnprintf$6) refers to printf6.o(i._snputc) for _snputc
    printf6.o(i.__0vsprintf$6) refers to printf6.o(i._printf_core) for _printf_core
    printf6.o(i.__0vsprintf$6) refers to printf6.o(i._sputc) for _sputc
    printf6.o(i._printf_core) refers to printf6.o(i._printf_pre_padding) for _printf_pre_padding
    printf6.o(i._printf_core) refers to uidiv.o(.text) for __aeabi_uidivmod
    printf6.o(i._printf_core) refers to printf6.o(i._printf_post_padding) for _printf_post_padding
    printf7.o(i.__0fprintf$7) refers to printf7.o(i._printf_core) for _printf_core
    printf7.o(i.__0fprintf$7) refers to uart.o(.text) for fputc
    printf7.o(i.__0printf$7) refers to printf7.o(i._printf_core) for _printf_core
    printf7.o(i.__0printf$7) refers to uart.o(.text) for fputc
    printf7.o(i.__0printf$7) refers to stdout.o(.data) for __stdout
    printf7.o(i.__0snprintf$7) refers to printf7.o(i._printf_core) for _printf_core
    printf7.o(i.__0snprintf$7) refers to printf7.o(i._snputc) for _snputc
    printf7.o(i.__0sprintf$7) refers to printf7.o(i._printf_core) for _printf_core
    printf7.o(i.__0sprintf$7) refers to printf7.o(i._sputc) for _sputc
    printf7.o(i.__0vfprintf$7) refers to printf7.o(i._printf_core) for _printf_core
    printf7.o(i.__0vfprintf$7) refers to uart.o(.text) for fputc
    printf7.o(i.__0vprintf$7) refers to printf7.o(i._printf_core) for _printf_core
    printf7.o(i.__0vprintf$7) refers to uart.o(.text) for fputc
    printf7.o(i.__0vprintf$7) refers to stdout.o(.data) for __stdout
    printf7.o(i.__0vsnprintf$7) refers to printf7.o(i._printf_core) for _printf_core
    printf7.o(i.__0vsnprintf$7) refers to printf7.o(i._snputc) for _snputc
    printf7.o(i.__0vsprintf$7) refers to printf7.o(i._printf_core) for _printf_core
    printf7.o(i.__0vsprintf$7) refers to printf7.o(i._sputc) for _sputc
    printf7.o(i._printf_core) refers to printf7.o(i._printf_pre_padding) for _printf_pre_padding
    printf7.o(i._printf_core) refers to uldiv.o(.text) for __aeabi_uldivmod
    printf7.o(i._printf_core) refers to printf7.o(i._printf_post_padding) for _printf_post_padding
    printf8.o(i.__0fprintf$8) refers to printf8.o(i._printf_core) for _printf_core
    printf8.o(i.__0fprintf$8) refers to uart.o(.text) for fputc
    printf8.o(i.__0printf$8) refers to printf8.o(i._printf_core) for _printf_core
    printf8.o(i.__0printf$8) refers to uart.o(.text) for fputc
    printf8.o(i.__0printf$8) refers to stdout.o(.data) for __stdout
    printf8.o(i.__0snprintf$8) refers to printf8.o(i._printf_core) for _printf_core
    printf8.o(i.__0snprintf$8) refers to printf8.o(i._snputc) for _snputc
    printf8.o(i.__0sprintf$8) refers to printf8.o(i._printf_core) for _printf_core
    printf8.o(i.__0sprintf$8) refers to printf8.o(i._sputc) for _sputc
    printf8.o(i.__0vfprintf$8) refers to printf8.o(i._printf_core) for _printf_core
    printf8.o(i.__0vfprintf$8) refers to uart.o(.text) for fputc
    printf8.o(i.__0vprintf$8) refers to printf8.o(i._printf_core) for _printf_core
    printf8.o(i.__0vprintf$8) refers to uart.o(.text) for fputc
    printf8.o(i.__0vprintf$8) refers to stdout.o(.data) for __stdout
    printf8.o(i.__0vsnprintf$8) refers to printf8.o(i._printf_core) for _printf_core
    printf8.o(i.__0vsnprintf$8) refers to printf8.o(i._snputc) for _snputc
    printf8.o(i.__0vsprintf$8) refers to printf8.o(i._printf_core) for _printf_core
    printf8.o(i.__0vsprintf$8) refers to printf8.o(i._sputc) for _sputc
    printf8.o(i._printf_core) refers to printf8.o(i._printf_pre_padding) for _printf_pre_padding
    printf8.o(i._printf_core) refers to uldiv.o(.text) for __aeabi_uldivmod
    printf8.o(i._printf_core) refers to printf8.o(i._printf_post_padding) for _printf_post_padding
    printfa.o(i.__0fprintf) refers (Special) to iusefp.o(.text) for __I$use$fp
    printfa.o(i.__0fprintf) refers to printfa.o(i._printf_core) for _printf_core
    printfa.o(i.__0fprintf) refers to uart.o(.text) for fputc
    printfa.o(i.__0printf) refers (Special) to iusefp.o(.text) for __I$use$fp
    printfa.o(i.__0printf) refers to printfa.o(i._printf_core) for _printf_core
    printfa.o(i.__0printf) refers to uart.o(.text) for fputc
    printfa.o(i.__0printf) refers to stdout.o(.data) for __stdout
    printfa.o(i.__0snprintf) refers (Special) to iusefp.o(.text) for __I$use$fp
    printfa.o(i.__0snprintf) refers to printfa.o(i._printf_core) for _printf_core
    printfa.o(i.__0snprintf) refers to printfa.o(i._snputc) for _snputc
    printfa.o(i.__0sprintf) refers (Special) to iusefp.o(.text) for __I$use$fp
    printfa.o(i.__0sprintf) refers to printfa.o(i._printf_core) for _printf_core
    printfa.o(i.__0sprintf) refers to printfa.o(i._sputc) for _sputc
    printfa.o(i.__0vfprintf) refers (Special) to iusefp.o(.text) for __I$use$fp
    printfa.o(i.__0vfprintf) refers to printfa.o(i._printf_core) for _printf_core
    printfa.o(i.__0vfprintf) refers to uart.o(.text) for fputc
    printfa.o(i.__0vprintf) refers (Special) to iusefp.o(.text) for __I$use$fp
    printfa.o(i.__0vprintf) refers to printfa.o(i._printf_core) for _printf_core
    printfa.o(i.__0vprintf) refers to uart.o(.text) for fputc
    printfa.o(i.__0vprintf) refers to stdout.o(.data) for __stdout
    printfa.o(i.__0vsnprintf) refers (Special) to iusefp.o(.text) for __I$use$fp
    printfa.o(i.__0vsnprintf) refers to printfa.o(i._printf_core) for _printf_core
    printfa.o(i.__0vsnprintf) refers to printfa.o(i._snputc) for _snputc
    printfa.o(i.__0vsprintf) refers (Special) to iusefp.o(.text) for __I$use$fp
    printfa.o(i.__0vsprintf) refers to printfa.o(i._printf_core) for _printf_core
    printfa.o(i.__0vsprintf) refers to printfa.o(i._sputc) for _sputc
    printfa.o(i._fp_digits) refers (Special) to iusefp.o(.text) for __I$use$fp
    printfa.o(i._fp_digits) refers to dmul.o(.text) for __aeabi_dmul
    printfa.o(i._fp_digits) refers to ddiv.o(.text) for __aeabi_ddiv
    printfa.o(i._fp_digits) refers to cdrcmple.o(.text) for __aeabi_cdrcmple
    printfa.o(i._fp_digits) refers to dadd.o(.text) for __aeabi_dadd
    printfa.o(i._fp_digits) refers to dfixul.o(.text) for __aeabi_d2ulz
    printfa.o(i._fp_digits) refers to uldiv.o(.text) for __aeabi_uldivmod
    printfa.o(i._printf_core) refers (Special) to iusefp.o(.text) for __I$use$fp
    printfa.o(i._printf_core) refers to printfa.o(i._printf_pre_padding) for _printf_pre_padding
    printfa.o(i._printf_core) refers to uldiv.o(.text) for __aeabi_uldivmod
    printfa.o(i._printf_core) refers to printfa.o(i._printf_post_padding) for _printf_post_padding
    printfa.o(i._printf_core) refers to printfa.o(i._fp_digits) for _fp_digits
    printfa.o(i._printf_core) refers to uidiv.o(.text) for __aeabi_uidivmod
    printfa.o(i._printf_post_padding) refers (Special) to iusefp.o(.text) for __I$use$fp
    printfa.o(i._printf_pre_padding) refers (Special) to iusefp.o(.text) for __I$use$fp
    printfa.o(i._snputc) refers (Special) to iusefp.o(.text) for __I$use$fp
    printfa.o(i._sputc) refers (Special) to iusefp.o(.text) for __I$use$fp
    malloc.o(i.free) refers to mvars.o(.data) for __microlib_freelist
    malloc.o(i.malloc) refers to mvars.o(.data) for __microlib_freelist_initialised
    malloc.o(i.malloc) refers to mvars.o(.data) for __microlib_freelist
    malloc.o(i.malloc) refers to startup_tm4c123.o(HEAP) for __heap_base
    mallocr.o(i.__free$realloc) refers to mvars.o(.data) for __microlib_freelist
    mallocr.o(i.__malloc$realloc) refers to mallocr.o(i.internal_alloc) for internal_alloc
    mallocr.o(i.__malloc$realloc) refers to mvars.o(.data) for __microlib_freelist_initialised
    mallocr.o(i.__malloc$realloc) refers to startup_tm4c123.o(HEAP) for __heap_base
    mallocr.o(i.__malloc$realloc) refers to mvars.o(.data) for __microlib_freelist
    mallocr.o(i.internal_alloc) refers to memcpya.o(.text) for __aeabi_memcpy
    mallocr.o(i.internal_alloc) refers to mvars.o(.data) for __microlib_freelist
    mallocr.o(i.realloc) refers to mallocr.o(i.__free$realloc) for __free$realloc
    mallocr.o(i.realloc) refers to mallocr.o(i.internal_alloc) for internal_alloc
    mallocr.o(i.realloc) refers to mallocr.o(i.__malloc$realloc) for __malloc$realloc
    mallocr.o(i.realloc) refers to mvars.o(.data) for __microlib_freelist
    malloca.o(i.__aligned_malloc) refers to mvars.o(.data) for __microlib_freelist_initialised
    malloca.o(i.__aligned_malloc) refers to mvars.o(.data) for __microlib_freelist
    malloca.o(i.__aligned_malloc) refers to startup_tm4c123.o(HEAP) for __heap_base
    malloca.o(i.__free$memalign) refers to mvars.o(.data) for __microlib_freelist
    malloca.o(i.__malloc$memalign) refers to malloca.o(i.__aligned_malloc) for __aligned_malloc
    mallocra.o(i.__aligned_malloc$realloc) refers to mallocra.o(i.internal_alloc) for internal_alloc
    mallocra.o(i.__aligned_malloc$realloc) refers to mvars.o(.data) for __microlib_freelist_initialised
    mallocra.o(i.__aligned_malloc$realloc) refers to startup_tm4c123.o(HEAP) for __heap_base
    mallocra.o(i.__aligned_malloc$realloc) refers to mvars.o(.data) for __microlib_freelist
    mallocra.o(i.__free$realloc$memalign) refers to mvars.o(.data) for __microlib_freelist
    mallocra.o(i.__malloc$realloc$memalign) refers to mallocra.o(i.__aligned_malloc$realloc) for __aligned_malloc$realloc
    mallocra.o(i.__realloc$memalign) refers to mallocra.o(i.__free$realloc$memalign) for __free$realloc$memalign
    mallocra.o(i.__realloc$memalign) refers to mallocra.o(i.internal_alloc) for internal_alloc
    mallocra.o(i.__realloc$memalign) refers to mallocra.o(i.__malloc$realloc$memalign) for __malloc$realloc$memalign
    mallocra.o(i.__realloc$memalign) refers to mvars.o(.data) for __microlib_freelist
    mallocra.o(i.internal_alloc) refers to memcpya.o(.text) for __aeabi_memcpy
    mallocra.o(i.internal_alloc) refers to mvars.o(.data) for __microlib_freelist
    errno.o(i.__aeabi_errno_addr) refers to errno.o(.data) for .data
    errno.o(i.__read_errno) refers to errno.o(.data) for .data
    errno.o(i.__set_errno) refers to errno.o(.data) for .data
    entry2.o(.ARM.Collect$$$$00000001) refers to entry2.o(.ARM.Collect$$$$00002712) for __lit__00000000
    entry2.o(.ARM.Collect$$$$00002712) refers to startup_tm4c123.o(STACK) for __initial_sp
    entry2.o(__vectab_stack_and_reset_area) refers to startup_tm4c123.o(STACK) for __initial_sp
    entry2.o(__vectab_stack_and_reset_area) refers to entry.o(.ARM.Collect$$$$00000000) for __main
    entry5.o(.ARM.Collect$$$$00000004) refers to init.o(.text) for __scatterload
    entry9a.o(.ARM.Collect$$$$0000000B) refers to main.o(.text) for main
    entry9b.o(.ARM.Collect$$$$0000000C) refers to main.o(.text) for main
    uldiv.o(.text) refers to llushr.o(.text) for __aeabi_llsr
    uldiv.o(.text) refers to llshl.o(.text) for __aeabi_llsl
    dadd.o(.text) refers to llshl.o(.text) for __aeabi_llsl
    dadd.o(.text) refers to llsshr.o(.text) for __aeabi_lasr
    dadd.o(.text) refers to depilogue.o(.text) for _double_epilogue
    dmul.o(.text) refers to depilogue.o(.text) for _double_epilogue
    ddiv.o(.text) refers to depilogue.o(.text) for _double_round
    dfixul.o(.text) refers to llushr.o(.text) for __aeabi_llsr
    dfixul.o(.text) refers to llshl.o(.text) for __aeabi_llsl
    init.o(.text) refers to entry5.o(.ARM.Collect$$$$00000004) for __main_after_scatterload
    depilogue.o(.text) refers to llshl.o(.text) for __aeabi_llsl
    depilogue.o(.text) refers to llushr.o(.text) for __aeabi_llsr


==============================================================================

Removing Unused input sections from the image.

    Removing main.o(.rev16_text), (4 bytes).
    Removing main.o(.revsh_text), (4 bytes).
    Removing main.o(.rrx_text), (6 bytes).
    Removing boardutil.o(.rev16_text), (4 bytes).
    Removing boardutil.o(.revsh_text), (4 bytes).
    Removing boardutil.o(.rrx_text), (6 bytes).
    Removing interrupts.o(.rev16_text), (4 bytes).
    Removing interrupts.o(.revsh_text), (4 bytes).
    Removing interrupts.o(.rrx_text), (6 bytes).
    Removing gpioport.o(.rev16_text), (4 bytes).
    Removing gpioport.o(.revsh_text), (4 bytes).
    Removing gpioport.o(.rrx_text), (6 bytes).
    Removing gpioport.o(.text), (512 bytes).
    Removing adc.o(.rev16_text), (4 bytes).
    Removing adc.o(.revsh_text), (4 bytes).
    Removing adc.o(.rrx_text), (6 bytes).
    Removing adc.o(.text), (128 bytes).
    Removing timers0.o(.rev16_text), (4 bytes).
    Removing timers0.o(.revsh_text), (4 bytes).
    Removing timers0.o(.rrx_text), (6 bytes).
    Removing system_tm4c123.o(.rev16_text), (4 bytes).
    Removing system_tm4c123.o(.revsh_text), (4 bytes).
    Removing system_tm4c123.o(.rrx_text), (6 bytes).
    Removing uartconfig.o(.rev16_text), (4 bytes).
    Removing uartconfig.o(.revsh_text), (4 bytes).
    Removing uart.o(.rev16_text), (4 bytes).
    Removing uart.o(.revsh_text), (4 bytes).
    Removing gpio.o(.rev16_text), (4 bytes).
    Removing gpio.o(.revsh_text), (4 bytes).
    Removing dadd.o(.text), (334 bytes).
    Removing dmul.o(.text), (228 bytes).
    Removing ddiv.o(.text), (222 bytes).
    Removing dfixul.o(.text), (48 bytes).
    Removing cdrcmple.o(.text), (48 bytes).
    Removing depilogue.o(.text), (186 bytes).

35 unused section(s) (total 1828 bytes) removed from the image.

==============================================================================

Image Symbol Table

    Local Symbols

    Symbol Name                              Value     Ov Type        Size  Object(Section)

    RESET                                    0x00000000   Section      620  startup_tm4c123.o(RESET)
    ../clib/microlib/division.c              0x00000000   Number         0  uidiv.o ABSOLUTE
    ../clib/microlib/division.c              0x00000000   Number         0  uldiv.o ABSOLUTE
    ../clib/microlib/errno.c                 0x00000000   Number         0  errno.o ABSOLUTE
    ../clib/microlib/init/entry.s            0x00000000   Number         0  entry9b.o ABSOLUTE
    ../clib/microlib/init/entry.s            0x00000000   Number         0  entry11a.o ABSOLUTE
    ../clib/microlib/init/entry.s            0x00000000   Number         0  entry10b.o ABSOLUTE
    ../clib/microlib/init/entry.s            0x00000000   Number         0  entry11b.o ABSOLUTE
    ../clib/microlib/init/entry.s            0x00000000   Number         0  entry10a.o ABSOLUTE
    ../clib/microlib/init/entry.s            0x00000000   Number         0  entry7a.o ABSOLUTE
    ../clib/microlib/init/entry.s            0x00000000   Number         0  entry9a.o ABSOLUTE
    ../clib/microlib/init/entry.s            0x00000000   Number         0  entry2.o ABSOLUTE
    ../clib/microlib/init/entry.s            0x00000000   Number         0  entry7b.o ABSOLUTE
    ../clib/microlib/init/entry.s            0x00000000   Number         0  entry8b.o ABSOLUTE
    ../clib/microlib/init/entry.s            0x00000000   Number         0  entry8a.o ABSOLUTE
    ../clib/microlib/init/entry.s            0x00000000   Number         0  entry5.o ABSOLUTE
    ../clib/microlib/init/entry.s            0x00000000   Number         0  entry.o ABSOLUTE
    ../clib/microlib/longlong.c              0x00000000   Number         0  llshl.o ABSOLUTE
    ../clib/microlib/longlong.c              0x00000000   Number         0  llushr.o ABSOLUTE
    ../clib/microlib/longlong.c              0x00000000   Number         0  llsshr.o ABSOLUTE
    ../clib/microlib/malloc/malloc.c         0x00000000   Number         0  mallocra.o ABSOLUTE
    ../clib/microlib/malloc/malloc.c         0x00000000   Number         0  malloc.o ABSOLUTE
    ../clib/microlib/malloc/malloc.c         0x00000000   Number         0  malloca.o ABSOLUTE
    ../clib/microlib/malloc/malloc.c         0x00000000   Number         0  mallocr.o ABSOLUTE
    ../clib/microlib/malloc/mvars.c          0x00000000   Number         0  mvars.o ABSOLUTE
    ../clib/microlib/printf/printf.c         0x00000000   Number         0  printf2.o ABSOLUTE
    ../clib/microlib/printf/printf.c         0x00000000   Number         0  printf1.o ABSOLUTE
    ../clib/microlib/printf/printf.c         0x00000000   Number         0  printf0.o ABSOLUTE
    ../clib/microlib/printf/printf.c         0x00000000   Number         0  printfb.o ABSOLUTE
    ../clib/microlib/printf/printf.c         0x00000000   Number         0  printf3.o ABSOLUTE
    ../clib/microlib/printf/printf.c         0x00000000   Number         0  printf4.o ABSOLUTE
    ../clib/microlib/printf/printf.c         0x00000000   Number         0  printf6.o ABSOLUTE
    ../clib/microlib/printf/printf.c         0x00000000   Number         0  printf7.o ABSOLUTE
    ../clib/microlib/printf/printf.c         0x00000000   Number         0  printf8.o ABSOLUTE
    ../clib/microlib/printf/printf.c         0x00000000   Number         0  printfa.o ABSOLUTE
    ../clib/microlib/printf/printf.c         0x00000000   Number         0  printf5.o ABSOLUTE
    ../clib/microlib/printf/stubs.s          0x00000000   Number         0  stubs.o ABSOLUTE
    ../clib/microlib/stdio/streams.c         0x00000000   Number         0  stdout.o ABSOLUTE
    ../clib/microlib/stdio/streams.c         0x00000000   Number         0  stdin.o ABSOLUTE
    ../clib/microlib/string/memcpy.c         0x00000000   Number         0  memcpyb.o ABSOLUTE
    ../clib/microlib/string/memcpy.c         0x00000000   Number         0  memcpya.o ABSOLUTE
    ../clib/microlib/stubs.s                 0x00000000   Number         0  iusefp.o ABSOLUTE
    ../fplib/microlib/fpadd.c                0x00000000   Number         0  dadd.o ABSOLUTE
    ../fplib/microlib/fpdiv.c                0x00000000   Number         0  ddiv.o ABSOLUTE
    ../fplib/microlib/fpepilogue.c           0x00000000   Number         0  depilogue.o ABSOLUTE
    ../fplib/microlib/fpfix.c                0x00000000   Number         0  dfixul.o ABSOLUTE
    ../fplib/microlib/fpmul.c                0x00000000   Number         0  dmul.o ABSOLUTE
    ..\\drivers\\adc.c                       0x00000000   Number         0  adc.o ABSOLUTE
    ..\\drivers\\gpio.c                      0x00000000   Number         0  gpio.o ABSOLUTE
    ..\\drivers\\gpioPort.c                  0x00000000   Number         0  gpioport.o ABSOLUTE
    ..\\drivers\\timers0.c                   0x00000000   Number         0  timers0.o ABSOLUTE
    ..\\drivers\\uart.c                      0x00000000   Number         0  uart.o ABSOLUTE
    ..\drivers\adc.c                         0x00000000   Number         0  adc.o ABSOLUTE
    ..\drivers\circular_buffer.c             0x00000000   Number         0  circular_buffer.o ABSOLUTE
    ..\drivers\gpio.c                        0x00000000   Number         0  gpio.o ABSOLUTE
    ..\drivers\gpioPort.c                    0x00000000   Number         0  gpioport.o ABSOLUTE
    ..\drivers\timers0.c                     0x00000000   Number         0  timers0.o ABSOLUTE
    ..\drivers\uart.c                        0x00000000   Number         0  uart.o ABSOLUTE
    RTE\Device\TM4C123GH6PM\startup_TM4C123.s 0x00000000   Number         0  startup_tm4c123.o ABSOLUTE
    RTE\Device\TM4C123GH6PM\system_TM4C123.c 0x00000000   Number         0  system_tm4c123.o ABSOLUTE
    RTE\\Device\\TM4C123GH6PM\\system_TM4C123.c 0x00000000   Number         0  system_tm4c123.o ABSOLUTE
    boardUtil.c                              0x00000000   Number         0  boardutil.o ABSOLUTE
    boardUtil.c                              0x00000000   Number         0  boardutil.o ABSOLUTE
    cdrcmple.s                               0x00000000   Number         0  cdrcmple.o ABSOLUTE
    dc.s                                     0x00000000   Number         0  dc.o ABSOLUTE
    handlers.s                               0x00000000   Number         0  handlers.o ABSOLUTE
    init.s                                   0x00000000   Number         0  init.o ABSOLUTE
    interrupts.c                             0x00000000   Number         0  interrupts.o ABSOLUTE
    interrupts.c                             0x00000000   Number         0  interrupts.o ABSOLUTE
    main.c                                   0x00000000   Number         0  main.o ABSOLUTE
    main.c                                   0x00000000   Number         0  main.o ABSOLUTE
    uartConfig.c                             0x00000000   Number         0  uartconfig.o ABSOLUTE
    uartConfig.c                             0x00000000   Number         0  uartconfig.o ABSOLUTE
    .ARM.Collect$$$$00000000                 0x0000026c   Section        0  entry.o(.ARM.Collect$$$$00000000)
    .ARM.Collect$$$$00000001                 0x0000026c   Section        4  entry2.o(.ARM.Collect$$$$00000001)
    .ARM.Collect$$$$00000004                 0x00000270   Section        4  entry5.o(.ARM.Collect$$$$00000004)
    .ARM.Collect$$$$00000008                 0x00000274   Section        0  entry7b.o(.ARM.Collect$$$$00000008)
    .ARM.Collect$$$$0000000A                 0x00000274   Section        0  entry8b.o(.ARM.Collect$$$$0000000A)
    .ARM.Collect$$$$0000000B                 0x00000274   Section        8  entry9a.o(.ARM.Collect$$$$0000000B)
    .ARM.Collect$$$$0000000D                 0x0000027c   Section        0  entry10a.o(.ARM.Collect$$$$0000000D)
    .ARM.Collect$$$$0000000F                 0x0000027c   Section        0  entry11a.o(.ARM.Collect$$$$0000000F)
    .ARM.Collect$$$$00002712                 0x0000027c   Section        4  entry2.o(.ARM.Collect$$$$00002712)
    __lit__00000000                          0x0000027c   Data           4  entry2.o(.ARM.Collect$$$$00002712)
    .text                                    0x00000280   Section        0  main.o(.text)
    .text                                    0x00000394   Section        0  boardutil.o(.text)
    .text                                    0x0000039c   Section        0  interrupts.o(.text)
    .text                                    0x000003fc   Section        0  timers0.o(.text)
    NVIC_EnableIRQ                           0x00000495   Thumb Code    22  timers0.o(.text)
    .text                                    0x000004b8   Section      252  startup_tm4c123.o(.text)
    $v0                                      0x000004b8   Number         0  startup_tm4c123.o(.text)
    .text                                    0x000005b4   Section        0  system_tm4c123.o(.text)
    getOscClk                                0x000005b5   Thumb Code   182  system_tm4c123.o(.text)
    .text                                    0x00000804   Section        0  uartconfig.o(.text)
    .text                                    0x0000085c   Section        0  uart.o(.text)
    NVIC_SetPriority                         0x0000085d   Thumb Code    32  uart.o(.text)
    enableRCGCUART                           0x0000087d   Thumb Code   446  uart.o(.text)
    enableUartNVIC                           0x00000a3b   Thumb Code   108  uart.o(.text)
    enableUartPriority                       0x00000aa7   Thumb Code   128  uart.o(.text)
    NVIC_EnableIRQ                           0x00000de1   Thumb Code    22  uart.o(.text)
    .text                                    0x00000e0c   Section        0  gpio.o(.text)
    NVIC_EnableIRQ                           0x000013b5   Thumb Code    22  gpio.o(.text)
    .text                                    0x000013ca   Section        0  circular_buffer.o(.text)
    .text                                    0x0000149c   Section        0  memcpya.o(.text)
    .text                                    0x000014c0   Section       36  init.o(.text)
    i.__0printf$2                            0x000014e4   Section        0  printf2.o(i.__0printf$2)
    i.__aeabi_errno_addr                     0x00001504   Section        0  errno.o(i.__aeabi_errno_addr)
    i.__scatterload_copy                     0x0000150c   Section       14  handlers.o(i.__scatterload_copy)
    i.__scatterload_null                     0x0000151a   Section        2  handlers.o(i.__scatterload_null)
    i.__scatterload_zeroinit                 0x0000151c   Section       14  handlers.o(i.__scatterload_zeroinit)
    i._printf_core                           0x0000152a   Section        0  printf2.o(i._printf_core)
    _printf_core                             0x0000152b   Thumb Code   214  printf2.o(i._printf_core)
    i.malloc                                 0x00001600   Section        0  malloc.o(i.malloc)
    .constdata                               0x0000166c   Section       28  uartconfig.o(.constdata)
    .data                                    0x20000000   Section       34  main.o(.data)
    .data                                    0x20000024   Section        4  system_tm4c123.o(.data)
    .data                                    0x20000028   Section        4  stdin.o(.data)
    .data                                    0x2000002c   Section        4  stdout.o(.data)
    .data                                    0x20000030   Section        4  errno.o(.data)
    _errno                                   0x20000030   Data           4  errno.o(.data)
    .data                                    0x20000034   Section        4  mvars.o(.data)
    .data                                    0x20000038   Section        4  mvars.o(.data)
    .bss                                     0x2000003c   Section       32  uart.o(.bss)
    HEAP                                     0x20000060   Section        0  startup_tm4c123.o(HEAP)
    STACK                                    0x20000060   Section     4096  startup_tm4c123.o(STACK)

    Global Symbols

    Symbol Name                              Value     Ov Type        Size  Object(Section)

    BuildAttributes$$THM_ISAv4$E$P$D$K$B$S$7EM$VFPi3$EXTD16$VFPS$VFMA$PE$A:L22UL41UL21$X:L11$S22US41US21$IEEE1$IW$USESV6$~STKCKD$USESV7$~SHL$OSPACE$ROPI$EBA8$MICROLIB$REQ8$PRES8$EABIv2 0x00000000   Number         0  anon$$obj.o ABSOLUTE
    __ARM_use_no_argv                        0x00000000   Number         0  main.o ABSOLUTE
    __Vectors                                0x00000000   Data           4  startup_tm4c123.o(RESET)
    _printf_a                                0x00000000   Number         0  stubs.o ABSOLUTE
    _printf_c                                0x00000000   Number         0  stubs.o ABSOLUTE
    _printf_charcount                        0x00000000   Number         0  stubs.o ABSOLUTE
    _printf_d                                0x00000000   Number         0  stubs.o ABSOLUTE
    _printf_e                                0x00000000   Number         0  stubs.o ABSOLUTE
    _printf_f                                0x00000000   Number         0  stubs.o ABSOLUTE
    _printf_flags                            0x00000000   Number         0  stubs.o ABSOLUTE
    _printf_fp_dec                           0x00000000   Number         0  stubs.o ABSOLUTE
    _printf_fp_hex                           0x00000000   Number         0  stubs.o ABSOLUTE
    _printf_g                                0x00000000   Number         0  stubs.o ABSOLUTE
    _printf_i                                0x00000000   Number         0  stubs.o ABSOLUTE
    _printf_int_dec                          0x00000000   Number         0  stubs.o ABSOLUTE
    _printf_l                                0x00000000   Number         0  stubs.o ABSOLUTE
    _printf_lc                               0x00000000   Number         0  stubs.o ABSOLUTE
    _printf_ll                               0x00000000   Number         0  stubs.o ABSOLUTE
    _printf_lld                              0x00000000   Number         0  stubs.o ABSOLUTE
    _printf_lli                              0x00000000   Number         0  stubs.o ABSOLUTE
    _printf_llo                              0x00000000   Number         0  stubs.o ABSOLUTE
    _printf_llu                              0x00000000   Number         0  stubs.o ABSOLUTE
    _printf_llx                              0x00000000   Number         0  stubs.o ABSOLUTE
    _printf_longlong_dec                     0x00000000   Number         0  stubs.o ABSOLUTE
    _printf_longlong_hex                     0x00000000   Number         0  stubs.o ABSOLUTE
    _printf_longlong_oct                     0x00000000   Number         0  stubs.o ABSOLUTE
    _printf_ls                               0x00000000   Number         0  stubs.o ABSOLUTE
    _printf_mbtowc                           0x00000000   Number         0  stubs.o ABSOLUTE
    _printf_n                                0x00000000   Number         0  stubs.o ABSOLUTE
    _printf_o                                0x00000000   Number         0  stubs.o ABSOLUTE
    _printf_p                                0x00000000   Number         0  stubs.o ABSOLUTE
    _printf_percent                          0x00000000   Number         0  stubs.o ABSOLUTE
    _printf_pre_padding                      0x00000000   Number         0  stubs.o ABSOLUTE
    _printf_return_value                     0x00000000   Number         0  stubs.o ABSOLUTE
    _printf_s                                0x00000000   Number         0  stubs.o ABSOLUTE
    _printf_sizespec                         0x00000000   Number         0  stubs.o ABSOLUTE
    _printf_str                              0x00000000   Number         0  stubs.o ABSOLUTE
    _printf_truncate_signed                  0x00000000   Number         0  stubs.o ABSOLUTE
    _printf_truncate_unsigned                0x00000000   Number         0  stubs.o ABSOLUTE
    _printf_u                                0x00000000   Number         0  stubs.o ABSOLUTE
    _printf_wc                               0x00000000   Number         0  stubs.o ABSOLUTE
    _printf_wctomb                           0x00000000   Number         0  stubs.o ABSOLUTE
    _printf_widthprec                        0x00000000   Number         0  stubs.o ABSOLUTE
    _printf_x                                0x00000000   Number         0  stubs.o ABSOLUTE
    __cpp_initialize__aeabi_                  - Undefined Weak Reference
    __cxa_finalize                            - Undefined Weak Reference
    __decompress                              - Undefined Weak Reference
    _clock_init                               - Undefined Weak Reference
    _microlib_exit                            - Undefined Weak Reference
    __Vectors_End                            0x0000026c   Data           0  startup_tm4c123.o(RESET)
    __Vectors_Size                           0x0000026c   Number         0  startup_tm4c123.o ABSOLUTE
    __main                                   0x0000026d   Thumb Code     0  entry.o(.ARM.Collect$$$$00000000)
    _main_stk                                0x0000026d   Thumb Code     0  entry2.o(.ARM.Collect$$$$00000001)
    _main_scatterload                        0x00000271   Thumb Code     0  entry5.o(.ARM.Collect$$$$00000004)
    __main_after_scatterload                 0x00000275   Thumb Code     0  entry5.o(.ARM.Collect$$$$00000004)
    _main_clock                              0x00000275   Thumb Code     0  entry7b.o(.ARM.Collect$$$$00000008)
    _main_cpp_init                           0x00000275   Thumb Code     0  entry8b.o(.ARM.Collect$$$$0000000A)
    _main_init                               0x00000275   Thumb Code     0  entry9a.o(.ARM.Collect$$$$0000000B)
    __rt_final_cpp                           0x0000027d   Thumb Code     0  entry10a.o(.ARM.Collect$$$$0000000D)
    __rt_final_exit                          0x0000027d   Thumb Code     0  entry11a.o(.ARM.Collect$$$$0000000F)
    main                                     0x00000281   Thumb Code    94  main.o(.text)
    DisableInterrupts                        0x00000395   Thumb Code     4  boardutil.o(.text)
    EnableInterrupts                         0x00000399   Thumb Code     4  boardutil.o(.text)
    SysTick_Handler                          0x0000039d   Thumb Code    14  interrupts.o(.text)
    TIMER0A_Handler                          0x000003ab   Thumb Code    28  interrupts.o(.text)
    TIMER0B_Handler                          0x000003c7   Thumb Code    20  interrupts.o(.text)
    configure_timer0                         0x000003fd   Thumb Code    68  timers0.o(.text)
    stop_timer0B                             0x00000441   Thumb Code    12  timers0.o(.text)
    start_timer0A                            0x0000044d   Thumb Code    30  timers0.o(.text)
    stop_timer0A                             0x0000046b   Thumb Code    12  timers0.o(.text)
    start_timer0B                            0x00000477   Thumb Code    30  timers0.o(.text)
    Reset_Handler                            0x000004b9   Thumb Code     8  startup_tm4c123.o(.text)
    NMI_Handler                              0x000004c1   Thumb Code     2  startup_tm4c123.o(.text)
    HardFault_Handler                        0x000004c3   Thumb Code     2  startup_tm4c123.o(.text)
    MemManage_Handler                        0x000004c5   Thumb Code     2  startup_tm4c123.o(.text)
    BusFault_Handler                         0x000004c7   Thumb Code     2  startup_tm4c123.o(.text)
    UsageFault_Handler                       0x000004c9   Thumb Code     2  startup_tm4c123.o(.text)
    SVC_Handler                              0x000004cb   Thumb Code     2  startup_tm4c123.o(.text)
    DebugMon_Handler                         0x000004cd   Thumb Code     2  startup_tm4c123.o(.text)
    PendSV_Handler                           0x000004cf   Thumb Code     2  startup_tm4c123.o(.text)
    GPIOA_Handler                            0x000004d3   Thumb Code     2  startup_tm4c123.o(.text)
    GPIOB_Handler                            0x000004d5   Thumb Code     2  startup_tm4c123.o(.text)
    GPIOC_Handler                            0x000004d7   Thumb Code     2  startup_tm4c123.o(.text)
    GPIOD_Handler                            0x000004d9   Thumb Code     2  startup_tm4c123.o(.text)
    GPIOE_Handler                            0x000004db   Thumb Code     2  startup_tm4c123.o(.text)
    UART1_Handler                            0x000004df   Thumb Code     2  startup_tm4c123.o(.text)
    SSI0_Handler                             0x000004e1   Thumb Code     2  startup_tm4c123.o(.text)
    I2C0_Handler                             0x000004e3   Thumb Code     2  startup_tm4c123.o(.text)
    PMW0_FAULT_Handler                       0x000004e5   Thumb Code     2  startup_tm4c123.o(.text)
    PWM0_0_Handler                           0x000004e7   Thumb Code     2  startup_tm4c123.o(.text)
    PWM0_1_Handler                           0x000004e9   Thumb Code     2  startup_tm4c123.o(.text)
    PWM0_2_Handler                           0x000004eb   Thumb Code     2  startup_tm4c123.o(.text)
    QEI0_Handler                             0x000004ed   Thumb Code     2  startup_tm4c123.o(.text)
    ADC0SS0_Handler                          0x000004ef   Thumb Code     2  startup_tm4c123.o(.text)
    ADC0SS1_Handler                          0x000004f1   Thumb Code     2  startup_tm4c123.o(.text)
    ADC0SS2_Handler                          0x000004f3   Thumb Code     2  startup_tm4c123.o(.text)
    ADC0SS3_Handler                          0x000004f5   Thumb Code     2  startup_tm4c123.o(.text)
    WDT0_Handler                             0x000004f7   Thumb Code     2  startup_tm4c123.o(.text)
    TIMER1A_Handler                          0x000004fd   Thumb Code     2  startup_tm4c123.o(.text)
    TIMER1B_Handler                          0x000004ff   Thumb Code     2  startup_tm4c123.o(.text)
    TIMER2A_Handler                          0x00000501   Thumb Code     2  startup_tm4c123.o(.text)
    TIMER2B_Handler                          0x00000503   Thumb Code     2  startup_tm4c123.o(.text)
    COMP0_Handler                            0x00000505   Thumb Code     2  startup_tm4c123.o(.text)
    COMP1_Handler                            0x00000507   Thumb Code     2  startup_tm4c123.o(.text)
    COMP2_Handler                            0x00000509   Thumb Code     2  startup_tm4c123.o(.text)
    SYSCTL_Handler                           0x0000050b   Thumb Code     2  startup_tm4c123.o(.text)
    FLASH_Handler                            0x0000050d   Thumb Code     2  startup_tm4c123.o(.text)
    GPIOF_Handler                            0x0000050f   Thumb Code     2  startup_tm4c123.o(.text)
    GPIOG_Handler                            0x00000511   Thumb Code     2  startup_tm4c123.o(.text)
    GPIOH_Handler                            0x00000513   Thumb Code     2  startup_tm4c123.o(.text)
    UART2_Handler                            0x00000515   Thumb Code     2  startup_tm4c123.o(.text)
    SSI1_Handler                             0x00000517   Thumb Code     2  startup_tm4c123.o(.text)
    TIMER3A_Handler                          0x00000519   Thumb Code     2  startup_tm4c123.o(.text)
    TIMER3B_Handler                          0x0000051b   Thumb Code     2  startup_tm4c123.o(.text)
    I2C1_Handler                             0x0000051d   Thumb Code     2  startup_tm4c123.o(.text)
    QEI1_Handler                             0x0000051f   Thumb Code     2  startup_tm4c123.o(.text)
    CAN0_Handler                             0x00000521   Thumb Code     2  startup_tm4c123.o(.text)
    CAN1_Handler                             0x00000523   Thumb Code     2  startup_tm4c123.o(.text)
    CAN2_Handler                             0x00000525   Thumb Code     2  startup_tm4c123.o(.text)
    HIB_Handler                              0x00000527   Thumb Code     2  startup_tm4c123.o(.text)
    USB0_Handler                             0x00000529   Thumb Code     2  startup_tm4c123.o(.text)
    PWM0_3_Handler                           0x0000052b   Thumb Code     2  startup_tm4c123.o(.text)
    UDMA_Handler                             0x0000052d   Thumb Code     2  startup_tm4c123.o(.text)
    UDMAERR_Handler                          0x0000052f   Thumb Code     2  startup_tm4c123.o(.text)
    ADC1SS0_Handler                          0x00000531   Thumb Code     2  startup_tm4c123.o(.text)
    ADC1SS1_Handler                          0x00000533   Thumb Code     2  startup_tm4c123.o(.text)
    ADC1SS2_Handler                          0x00000535   Thumb Code     2  startup_tm4c123.o(.text)
    ADC1SS3_Handler                          0x00000537   Thumb Code     2  startup_tm4c123.o(.text)
    GPIOJ_Handler                            0x00000539   Thumb Code     2  startup_tm4c123.o(.text)
    GPIOK_Handler                            0x0000053b   Thumb Code     2  startup_tm4c123.o(.text)
    GPIOL_Handler                            0x0000053d   Thumb Code     2  startup_tm4c123.o(.text)
    SSI2_Handler                             0x0000053f   Thumb Code     2  startup_tm4c123.o(.text)
    SSI3_Handler                             0x00000541   Thumb Code     2  startup_tm4c123.o(.text)
    UART3_Handler                            0x00000543   Thumb Code     2  startup_tm4c123.o(.text)
    UART4_Handler                            0x00000545   Thumb Code     2  startup_tm4c123.o(.text)
    UART5_Handler                            0x00000547   Thumb Code     2  startup_tm4c123.o(.text)
    UART6_Handler                            0x00000549   Thumb Code     2  startup_tm4c123.o(.text)
    UART7_Handler                            0x0000054b   Thumb Code     2  startup_tm4c123.o(.text)
    I2C2_Handler                             0x0000054d   Thumb Code     2  startup_tm4c123.o(.text)
    I2C3_Handler                             0x0000054f   Thumb Code     2  startup_tm4c123.o(.text)
    TIMER4A_Handler                          0x00000551   Thumb Code     2  startup_tm4c123.o(.text)
    TIMER4B_Handler                          0x00000553   Thumb Code     2  startup_tm4c123.o(.text)
    TIMER5A_Handler                          0x00000555   Thumb Code     2  startup_tm4c123.o(.text)
    TIMER5B_Handler                          0x00000557   Thumb Code     2  startup_tm4c123.o(.text)
    WTIMER0A_Handler                         0x00000559   Thumb Code     2  startup_tm4c123.o(.text)
    WTIMER0B_Handler                         0x0000055b   Thumb Code     2  startup_tm4c123.o(.text)
    WTIMER1A_Handler                         0x0000055d   Thumb Code     2  startup_tm4c123.o(.text)
    WTIMER1B_Handler                         0x0000055f   Thumb Code     2  startup_tm4c123.o(.text)
    WTIMER2A_Handler                         0x00000561   Thumb Code     2  startup_tm4c123.o(.text)
    WTIMER2B_Handler                         0x00000563   Thumb Code     2  startup_tm4c123.o(.text)
    WTIMER3A_Handler                         0x00000565   Thumb Code     2  startup_tm4c123.o(.text)
    WTIMER3B_Handler                         0x00000567   Thumb Code     2  startup_tm4c123.o(.text)
    WTIMER4A_Handler                         0x00000569   Thumb Code     2  startup_tm4c123.o(.text)
    WTIMER4B_Handler                         0x0000056b   Thumb Code     2  startup_tm4c123.o(.text)
    WTIMER5A_Handler                         0x0000056d   Thumb Code     2  startup_tm4c123.o(.text)
    WTIMER5B_Handler                         0x0000056f   Thumb Code     2  startup_tm4c123.o(.text)
    FPU_Handler                              0x00000571   Thumb Code     2  startup_tm4c123.o(.text)
    I2C4_Handler                             0x00000573   Thumb Code     2  startup_tm4c123.o(.text)
    I2C5_Handler                             0x00000575   Thumb Code     2  startup_tm4c123.o(.text)
    GPIOM_Handler                            0x00000577   Thumb Code     2  startup_tm4c123.o(.text)
    GPION_Handler                            0x00000579   Thumb Code     2  startup_tm4c123.o(.text)
    QEI2_Handler                             0x0000057b   Thumb Code     2  startup_tm4c123.o(.text)
    GPIOP0_Handler                           0x0000057d   Thumb Code     2  startup_tm4c123.o(.text)
    GPIOP1_Handler                           0x0000057f   Thumb Code     2  startup_tm4c123.o(.text)
    GPIOP2_Handler                           0x00000581   Thumb Code     2  startup_tm4c123.o(.text)
    GPIOP3_Handler                           0x00000583   Thumb Code     2  startup_tm4c123.o(.text)
    GPIOP4_Handler                           0x00000585   Thumb Code     2  startup_tm4c123.o(.text)
    GPIOP5_Handler                           0x00000587   Thumb Code     2  startup_tm4c123.o(.text)
    GPIOP6_Handler                           0x00000589   Thumb Code     2  startup_tm4c123.o(.text)
    GPIOP7_Handler                           0x0000058b   Thumb Code     2  startup_tm4c123.o(.text)
    GPIOQ0_Handler                           0x0000058d   Thumb Code     2  startup_tm4c123.o(.text)
    GPIOQ1_Handler                           0x0000058f   Thumb Code     2  startup_tm4c123.o(.text)
    GPIOQ2_Handler                           0x00000591   Thumb Code     2  startup_tm4c123.o(.text)
    GPIOQ3_Handler                           0x00000593   Thumb Code     2  startup_tm4c123.o(.text)
    GPIOQ4_Handler                           0x00000595   Thumb Code     2  startup_tm4c123.o(.text)
    GPIOQ5_Handler                           0x00000597   Thumb Code     2  startup_tm4c123.o(.text)
    GPIOQ6_Handler                           0x00000599   Thumb Code     2  startup_tm4c123.o(.text)
    GPIOQ7_Handler                           0x0000059b   Thumb Code     2  startup_tm4c123.o(.text)
    GPIOR_Handler                            0x0000059d   Thumb Code     2  startup_tm4c123.o(.text)
    GPIOS_Handler                            0x0000059f   Thumb Code     2  startup_tm4c123.o(.text)
    PMW1_0_Handler                           0x000005a1   Thumb Code     2  startup_tm4c123.o(.text)
    PWM1_1_Handler                           0x000005a3   Thumb Code     2  startup_tm4c123.o(.text)
    PWM1_2_Handler                           0x000005a5   Thumb Code     2  startup_tm4c123.o(.text)
    PWM1_3_Handler                           0x000005a7   Thumb Code     2  startup_tm4c123.o(.text)
    PWM1_FAULT_Handler                       0x000005a9   Thumb Code     2  startup_tm4c123.o(.text)
    SystemCoreClockUpdate                    0x0000066b   Thumb Code   184  system_tm4c123.o(.text)
    SystemInit                               0x00000723   Thumb Code   112  system_tm4c123.o(.text)
    serialDebugInit                          0x00000805   Thumb Code    84  uartconfig.o(.text)
    InitializeUART                           0x00000b27   Thumb Code   256  uart.o(.text)
    uartRxPoll                               0x00000c27   Thumb Code    90  uart.o(.text)
    uartTxPoll                               0x00000c81   Thumb Code    32  uart.o(.text)
    uartRx                                   0x00000ca1   Thumb Code    34  uart.o(.text)
    uartTx                                   0x00000cc3   Thumb Code    66  uart.o(.text)
    uartHandler                              0x00000d05   Thumb Code   114  uart.o(.text)
    UART0_Handler                            0x00000d77   Thumb Code    14  uart.o(.text)
    fputc                                    0x00000d85   Thumb Code    44  uart.o(.text)
    fgetc                                    0x00000db1   Thumb Code    48  uart.o(.text)
    gpioCheckBase                            0x00000e0d   Thumb Code    76  gpio.o(.text)
    gpioCheckClock                           0x00000e59   Thumb Code   182  gpio.o(.text)
    gpioEnablePort                           0x00000f0f   Thumb Code   260  gpio.o(.text)
    enableGPIONVIC                           0x00001013   Thumb Code   114  gpio.o(.text)
    initializeGPIOPort                       0x00001085   Thumb Code   134  gpio.o(.text)
    validatePortIsOn                         0x0000110b   Thumb Code    44  gpio.o(.text)
    gpioConfigPinAsInput                     0x00001137   Thumb Code    38  gpio.o(.text)
    gpioConfigPinAsOutput                    0x0000115d   Thumb Code    38  gpio.o(.text)
    gpioConfigPullUpEnable                   0x00001183   Thumb Code    38  gpio.o(.text)
    gpioConfigPullDownEnable                 0x000011a9   Thumb Code    38  gpio.o(.text)
    gpioConfigOpenDrainEnable                0x000011cf   Thumb Code    66  gpio.o(.text)
    gpioConfigDigitalEnable                  0x00001211   Thumb Code    48  gpio.o(.text)
    gpioConfigAnalogEnable                   0x00001241   Thumb Code    48  gpio.o(.text)
    gpioConfigAltFunction                    0x00001271   Thumb Code    38  gpio.o(.text)
    gpioConfigPortConfig                     0x00001297   Thumb Code    38  gpio.o(.text)
    gpioConfigInterruptBothEdges             0x000012bd   Thumb Code    70  gpio.o(.text)
    gpioConfigInterruptRisingEdges           0x00001303   Thumb Code    70  gpio.o(.text)
    gpioConfigInterruptFallingEdges          0x00001349   Thumb Code    70  gpio.o(.text)
    gpioDisableInterrupt                     0x0000138f   Thumb Code    38  gpio.o(.text)
    cBufInit                                 0x000013cb   Thumb Code    44  circular_buffer.o(.text)
    cBufAddChar                              0x000013f7   Thumb Code    84  circular_buffer.o(.text)
    cBufGetChar                              0x0000144b   Thumb Code    64  circular_buffer.o(.text)
    cBufGetFreeCount                         0x0000148b   Thumb Code    18  circular_buffer.o(.text)
    __aeabi_memcpy                           0x0000149d   Thumb Code    36  memcpya.o(.text)
    __aeabi_memcpy4                          0x0000149d   Thumb Code     0  memcpya.o(.text)
    __aeabi_memcpy8                          0x0000149d   Thumb Code     0  memcpya.o(.text)
    __scatterload                            0x000014c1   Thumb Code    28  init.o(.text)
    __scatterload_rt2                        0x000014c1   Thumb Code     0  init.o(.text)
    __0printf$2                              0x000014e5   Thumb Code    22  printf2.o(i.__0printf$2)
    __1printf$2                              0x000014e5   Thumb Code     0  printf2.o(i.__0printf$2)
    __2printf                                0x000014e5   Thumb Code     0  printf2.o(i.__0printf$2)
    __aeabi_errno_addr                       0x00001505   Thumb Code     4  errno.o(i.__aeabi_errno_addr)
    __rt_errno_addr                          0x00001505   Thumb Code     0  errno.o(i.__aeabi_errno_addr)
    __scatterload_copy                       0x0000150d   Thumb Code    14  handlers.o(i.__scatterload_copy)
    __scatterload_null                       0x0000151b   Thumb Code     2  handlers.o(i.__scatterload_null)
    __scatterload_zeroinit                   0x0000151d   Thumb Code    14  handlers.o(i.__scatterload_zeroinit)
    malloc                                   0x00001601   Thumb Code    92  malloc.o(i.malloc)
    Region$$Table$$Base                      0x00001688   Number         0  anon$$obj.o(Region$$Table)
    Region$$Table$$Limit                     0x000016a8   Number         0  anon$$obj.o(Region$$Table)
    Alert_1ms                                0x20000000   Data           1  main.o(.data)
    Alert_Timer0A                            0x20000001   Data           1  main.o(.data)
    Alert_Timer0B                            0x20000002   Data           1  main.o(.data)
    teamNumber                               0x20000003   Data           3  main.o(.data)
    person1                                  0x20000006   Data          13  main.o(.data)
    person2                                  0x20000013   Data          15  main.o(.data)
    SystemCoreClock                          0x20000024   Data           4  system_tm4c123.o(.data)
    __stdin                                  0x20000028   Data           4  stdin.o(.data)
    __stdout                                 0x2000002c   Data           4  stdout.o(.data)
    __microlib_freelist                      0x20000034   Data           4  mvars.o(.data)
    __microlib_freelist_initialised          0x20000038   Data           4  mvars.o(.data)
    U0_Tx_cBuf                               0x2000003c   Data          16  uart.o(.bss)
    U0_Rx_cBuf                               0x2000004c   Data          16  uart.o(.bss)
    __heap_base                              0x20000060   Data           0  startup_tm4c123.o(HEAP)
    __heap_limit                             0x20000060   Data           0  startup_tm4c123.o(HEAP)
    __initial_sp                             0x20001060   Data           0  startup_tm4c123.o(STACK)



==============================================================================

Memory Map of the image

  Image Entry point : 0x000004b9

  Load Region LR_1 (Base: 0x00000000, Size: 0x000016e4, Max: 0xffffffff, ABSOLUTE)

    Execution Region ER_RO (Base: 0x00000000, Size: 0x000016a8, Max: 0xffffffff, ABSOLUTE)

    Base Addr    Size         Type   Attr      Idx    E Section Name        Object

    0x00000000   0x0000026c   Data   RO          215    RESET               startup_tm4c123.o
    0x0000026c   0x00000000   Code   RO          403  * .ARM.Collect$$$$00000000  mc_w.l(entry.o)
    0x0000026c   0x00000004   Code   RO          708    .ARM.Collect$$$$00000001  mc_w.l(entry2.o)
    0x00000270   0x00000004   Code   RO          711    .ARM.Collect$$$$00000004  mc_w.l(entry5.o)
    0x00000274   0x00000000   Code   RO          713    .ARM.Collect$$$$00000008  mc_w.l(entry7b.o)
    0x00000274   0x00000000   Code   RO          715    .ARM.Collect$$$$0000000A  mc_w.l(entry8b.o)
    0x00000274   0x00000008   Code   RO          716    .ARM.Collect$$$$0000000B  mc_w.l(entry9a.o)
    0x0000027c   0x00000000   Code   RO          718    .ARM.Collect$$$$0000000D  mc_w.l(entry10a.o)
    0x0000027c   0x00000000   Code   RO          720    .ARM.Collect$$$$0000000F  mc_w.l(entry11a.o)
    0x0000027c   0x00000004   Code   RO          709    .ARM.Collect$$$$00002712  mc_w.l(entry2.o)
    0x00000280   0x00000114   Code   RO            4    .text               main.o
    0x00000394   0x00000008   Code   RO           85    .text               boardutil.o
    0x0000039c   0x00000060   Code   RO          109    .text               interrupts.o
    0x000003fc   0x000000bc   Code   RO          188    .text               timers0.o
    0x000004b8   0x000000fc   Code   RO          216  * .text               startup_tm4c123.o
    0x000005b4   0x00000250   Code   RO          223    .text               system_tm4c123.o
    0x00000804   0x00000058   Code   RO          252    .text               ece353_uart.lib(uartconfig.o)
    0x0000085c   0x000005b0   Code   RO          324    .text               ece353_uart.lib(uart.o)
    0x00000e0c   0x000005be   Code   RO          360    .text               ece353_uart.lib(gpio.o)
    0x000013ca   0x000000d2   Code   RO          388    .text               ece353_uart.lib(circular_buffer.o)
    0x0000149c   0x00000024   Code   RO          408    .text               mc_w.l(memcpya.o)
    0x000014c0   0x00000024   Code   RO          739    .text               mc_w.l(init.o)
    0x000014e4   0x00000020   Code   RO          479    i.__0printf$2       mc_w.l(printf2.o)
    0x00001504   0x00000008   Code   RO          701    i.__aeabi_errno_addr  mc_w.l(errno.o)
    0x0000150c   0x0000000e   Code   RO          751    i.__scatterload_copy  mc_w.l(handlers.o)
    0x0000151a   0x00000002   Code   RO          752    i.__scatterload_null  mc_w.l(handlers.o)
    0x0000151c   0x0000000e   Code   RO          753    i.__scatterload_zeroinit  mc_w.l(handlers.o)
    0x0000152a   0x000000d6   Code   RO          486    i._printf_core      mc_w.l(printf2.o)
    0x00001600   0x0000006c   Code   RO          674    i.malloc            mc_w.l(malloc.o)
    0x0000166c   0x0000001c   Data   RO          253    .constdata          ece353_uart.lib(uartconfig.o)
    0x00001688   0x00000020   Data   RO          749    Region$$Table       anon$$obj.o


    Execution Region ER_RW (Base: 0x20000000, Size: 0x0000003c, Max: 0xffffffff, ABSOLUTE)

    Base Addr    Size         Type   Attr      Idx    E Section Name        Object

    0x20000000   0x00000022   Data   RW            5    .data               main.o
    0x20000022   0x00000002   PAD
    0x20000024   0x00000004   Data   RW          224    .data               system_tm4c123.o
    0x20000028   0x00000004   Data   RW          406    .data               mc_w.l(stdin.o)
    0x2000002c   0x00000004   Data   RW          407    .data               mc_w.l(stdout.o)
    0x20000030   0x00000004   Data   RW          704    .data               mc_w.l(errno.o)
    0x20000034   0x00000004   Data   RW          726    .data               mc_w.l(mvars.o)
    0x20000038   0x00000004   Data   RW          727    .data               mc_w.l(mvars.o)


    Execution Region ER_ZI (Base: 0x2000003c, Size: 0x00001024, Max: 0xffffffff, ABSOLUTE)

    Base Addr    Size         Type   Attr      Idx    E Section Name        Object

    0x2000003c   0x00000020   Zero   RW          325    .bss                ece353_uart.lib(uart.o)
    0x2000005c   0x00000004   PAD
    0x20000060   0x00000000   Zero   RW          214    HEAP                startup_tm4c123.o
    0x20000060   0x00001000   Zero   RW          213    STACK               startup_tm4c123.o


==============================================================================

Image component sizes


      Code (inc. data)   RO Data    RW Data    ZI Data      Debug   Object Name

         8          0          0          0          0        537   boardutil.o
        96         34          0          0          0        894   interrupts.o
       276        182          0         34          0      28270   main.o
       252         10        620          0       4096       5428   startup_tm4c123.o
       592        138          0          4          0       1513   system_tm4c123.o
       188         14          0          0          0      28196   timers0.o

    ----------------------------------------------------------------------
      1412        378        652         40       4096      64838   Object Totals
         0          0         32          0          0          0   (incl. Generated)
         0          0          0          2          0          0   (incl. Padding)

    ----------------------------------------------------------------------

      Code (inc. data)   RO Data    RW Data    ZI Data      Debug   Library Member Name

       210          0          0          0          0       2712   circular_buffer.o
      1470         28          0          0          0      40500   gpio.o
      1456         80          0          0         32      36930   uart.o
        88          4         28          0          0      32098   uartconfig.o
         0          0          0          0          0          0   entry.o
         0          0          0          0          0          0   entry10a.o
         0          0          0          0          0          0   entry11a.o
         8          4          0          0          0          0   entry2.o
         4          0          0          0          0          0   entry5.o
         0          0          0          0          0          0   entry7b.o
         0          0          0          0          0          0   entry8b.o
         8          4          0          0          0          0   entry9a.o
         8          4          0          4          0         68   errno.o
        30          0          0          0          0          0   handlers.o
        36          8          0          0          0         68   init.o
       108         16          0          0          0         84   malloc.o
        36          0          0          0          0         68   memcpya.o
         0          0          0          8          0          0   mvars.o
       246         10          0          0          0        176   printf2.o
         0          0          0          4          0          0   stdin.o
         0          0          0          4          0          0   stdout.o

    ----------------------------------------------------------------------
      3708        158         28         20         36     112704   Library Totals
         0          0          0          0          4          0   (incl. Padding)

    ----------------------------------------------------------------------

      Code (inc. data)   RO Data    RW Data    ZI Data      Debug   Library Name

      3224        112         28          0         32     112240   ece353_uart.lib
       484         46          0         20          0        464   mc_w.l

    ----------------------------------------------------------------------
      3708        158         28         20         36     112704   Library Totals

    ----------------------------------------------------------------------

==============================================================================


      Code (inc. data)   RO Data    RW Data    ZI Data      Debug   

      5120        536        680         60       4132     176342   Grand Totals
      5120        536        680         60       4132     176342   ELF Image Totals
      5120        536        680         60          0          0   ROM Totals

==============================================================================

    Total RO  Size (Code + RO Data)                 5800 (   5.66kB)
    Total RW  Size (RW Data + ZI Data)              4192 (   4.09kB)
    Total ROM Size (Code + RO Data + RW Data)       5860 (   5.72kB)

==============================================================================

